Microchip MPLAB XC8 Compiler V2.36

Linker command line:

-W-3 --edf=C:\Program Files\Microchip\xc8\v2.36\pic\dat\en_msgs.txt -cn \
  -h+dist/default/production\LCDDriver.X.production.sym \
  --cmf=dist/default/production\LCDDriver.X.production.cmf -z -Q18F2550 \
  -oC:\Users\Nelson\AppData\Local\Temp\xcAsgp8.4 --defsym=__MPLAB_BUILD=1 \
  -Mdist/default/production/LCDDriver.X.production.map \
  --md=C:\Users\Nelson\AppData\Local\Temp\xcAsgp8.dat -E1 -ver=XC8 Compiler \
  --acfsm=1493 -ACODE=00h-07FFFh -ACONST=00h-07FFFh \
  -ASMALLCONST=0800h-08FFhx120 -AMEDIUMCONST=0800h-07FFFh -ACOMRAM=01h-05Fh \
  -AABS1=00h-07FFh -ABIGRAM=01h-07FFh -ARAM=060h-0FFh,0100h-01FFhx7 \
  -ABANK0=060h-0FFh -ABANK1=0100h-01FFh -ABANK2=0200h-02FFh \
  -ABANK3=0300h-03FFh -ABANK4=0400h-04FFh -ABANK5=0500h-05FFh \
  -ABANK6=0600h-06FFh -ABANK7=0700h-07FFh -ASFR=0F60h-0FFFh \
  -ABIGSFR=0F60h-0FFFh -ACONFIG=0300000h-030000Dh -AIDLOC=0200000h-0200007h \
  -AEEDATA=0F00000h-0F000FFh -peeprom_data=EEDATA \
  -preset_vec=00h,intcode=08h,intcodelo=018h,powerup,init -pramtop=0800h \
  -psmallconst=SMALLCONST -pmediumconst=MEDIUMCONST -pconst=CONST \
  -AFARRAM=00h-00h \
  -prdata=COMRAM,nvrram=COMRAM,nvbit=COMRAM,rbss=COMRAM,rbit=COMRAM \
  -pfarbss=FARRAM,fardata=FARRAM,nvFARRAM=FARRAM \
  -pintsave_regs=BIGRAM,bigbss=BIGRAM,bigdata=BIGRAM -pbss=RAM \
  -pidata=CODE,irdata=CODE,ibigdata=CODE,ifardata=CODE -prparam=COMRAM \
  C:\Users\Nelson\AppData\Local\Temp\xcAsgp8.o \
  dist/default/production\LCDDriver.X.production.o 

Object code version is 3.11

Machine type is 18F2550



                Name                               Link     Load   Length Selector   Space Scale
C:\Users\Nelson\AppData\Local\Temp\xcAsgp8.o
                idloc                            200000   200000        8        0       5
                config                           300000   300000        E        0       4
                init                                 26       26        4        C       0
                reset_vec                             0        0        4        0       0
dist/default/production\LCDDriver.X.production.o
                intcodelo                            18       18        E        C       0
                intcode                               8        8        6        4       0
                idloc                            200000   200000        8        0       5
                config                           300000   300000        E        0       4
                temp                                 43       43        1        1       1
                text15                              114      114       EA        C       0
                text14                              422      422       5A        C       0
                text13                              528      528       1A        C       0
                intcode_body                        1FE      1FE       C6        C       0
                text10                               2A       2A       EA        C       0
                text9                               3C8      3C8       5A        C       0
                text8                               50E      50E       1A        C       0
                text7                               4F2      4F2       1C        C       0
                text6                               4CE      4CE       24        C       0
                text5                               4A6      4A6       28        C       0
                text4                               558      558       12        C       0
                text3                               360      360       68        C       0
                text2                               47C      47C       2A        C       0
                text1                               2C4      2C4       9C        C       0
                text0                               56A      56A       10        C       0
                cstackCOMRAM                          1        1       30        1       1
                cstackBANK0                          60       60        7       60       1
                bssCOMRAM                            31       31       12        1       1
                cinit                               542      542       16        C       0

TOTAL           Name                               Link     Load   Length     Space
        CLASS   CODE           
                intcodelo                            18       18        E         0
                intcode                               8        8        6         0
                init                                 26       26        4         0
                reset_vec                             0        0        4         0
                text15                              114      114       EA         0
                text14                              422      422       5A         0
                text13                              528      528       1A         0
                intcode_body                        1FE      1FE       C6         0
                text10                               2A       2A       EA         0
                text9                               3C8      3C8       5A         0
                text8                               50E      50E       1A         0
                text7                               4F2      4F2       1C         0
                text6                               4CE      4CE       24         0
                text5                               4A6      4A6       28         0
                text4                               558      558       12         0
                text3                               360      360       68         0
                text2                               47C      47C       2A         0
                text1                               2C4      2C4       9C         0
                text0                               56A      56A       10         0
                cinit                               542      542       16         0

        CLASS   CONST          

        CLASS   SMALLCONST     

        CLASS   MEDIUMCONST    

        CLASS   COMRAM         
                temp                                 43       43        1         1
                cstackCOMRAM                          1        1       30         1
                bssCOMRAM                            31       31       12         1

        CLASS   ABS1           

        CLASS   BIGRAM         

        CLASS   RAM            

        CLASS   BANK0          
                cstackBANK0                          60       60        7         1

        CLASS   BANK1          

        CLASS   BANK2          

        CLASS   BANK3          

        CLASS   BANK4          

        CLASS   BANK5          

        CLASS   BANK6          

        CLASS   BANK7          

        CLASS   SFR            

        CLASS   BIGSFR         

        CLASS   CONFIG         
                config                           300000   300000        E         4

        CLASS   IDLOC          
                idloc                            200000   200000        8         5

        CLASS   EEDATA         

        CLASS   FARRAM         

        CLASS   HEAP           

        CLASS   STACK          



SEGMENTS        Name                           Load    Length   Top    Selector   Space  Class

                reset_vec                      000000  000004  000004         0       0  CODE    
                cstackCOMRAM                   000001  000043  000044         1       1  COMRAM  
                intcode                        000008  000006  00000E         4       0  CODE    
                intcodelo                      000018  000562  00057A         C       0  CODE    
                cstackBANK0                    000060  000007  000067        60       1  BANK0   


UNUSED ADDRESS RANGES

        Name                Unused          Largest block    Delta
        BANK0            000067-0000FF               99
        BANK1            000100-0001FF              100
        BANK2            000200-0002FF              100
        BANK3            000300-0003FF              100
        BANK4            000400-0004FF              100
        BANK5            000500-0005FF              100
        BANK6            000600-0006FF              100
        BANK7            000700-0007FF              100
        BIGRAM           000044-00005F               1C
                         000067-0007FF              799
        BIGSFR           000F60-000FFF               A0
        CODE             000004-000007                4
                         00000E-000017                A
                         00057A-007FFF             7A86
        COMRAM           000044-00005F               1C
        CONST            000004-000007                4
                         00000E-000017                A
                         00057A-007FFF             7A86
        EEDATA           F00000-F000FF              100
        MEDIUMCONST      000800-007FFF             7800
        RAM              000067-0007FF              100
        SFR              000F60-000FFF               A0
        SMALLCONST       000800-007FFF              100

                                  Symbol Table

LCDConsoleInit@i                cstackBANK0  000064
LCDConsoleInit@serialMode       cstackBANK0  000062
_ADCON1bits                     (abs)        000FC1
_INTCON2bits                    (abs)        000FF1
_INTCONbits                     (abs)        000FF2
_LCDConsoleInit                 text3        000360
_LCD_clearDisplay               text8        00050E
_PORTA                          (abs)        000F80
_PORTB                          (abs)        000F81
_PORTC                          (abs)        000F82
_TRISA                          (abs)        000F92
_TRISB                          (abs)        000F93
_TRISC                          (abs)        000F94
_UCONbits                       (abs)        000F6D
__HRAM                          (abs)        000000
__Habs1                         abs1         000000
__Hbank0                        bank0        000000
__Hbank1                        bank1        000000
__Hbank2                        bank2        000000
__Hbank3                        bank3        000000
__Hbank4                        bank4        000000
__Hbank5                        bank5        000000
__Hbank6                        bank6        000000
__Hbank7                        bank7        000000
__Hbigbss                       bigbss       000000
__Hbigdata                      bigdata      000000
__Hbigram                       bigram       000000
__Hbigsfr                       bigsfr       000000
__Hbss                          bss          000000
__HbssCOMRAM                    bssCOMRAM    000000
__Hcinit                        cinit        000000
__Hclrtext                      clrtext      000000
__Hcomram                       comram       000000
__Hconfig                       config       30000E
__Hconst                        const        000000
__HcstackBANK0                  cstackBANK0  000000
__HcstackCOMRAM                 cstackCOMRAM 000000
__Hdata                         data         000000
__Heeprom_data                  eeprom_data  000000
__Hfarbss                       farbss       000000
__Hfardata                      fardata      000000
__Hheap                         heap         000000
__Hibigdata                     ibigdata     000000
__Hidata                        idata        000000
__Hidloc                        idloc        200008
__Hifardata                     ifardata     000000
__Hinit                         init         00002A
__Hintcode                      intcode      00000E
__Hintcode_body                 intcode_body 000000
__Hintcodelo                    intcodelo    000026
__Hintentry                     intentry     000000
__Hintret                       intret       000000
__Hintsave_regs                 intsave_regs 000000
__Hirdata                       irdata       000000
__Hmediumconst                  mediumconst  000000
__HnvFARRAM                     nvFARRAM     000000
__Hnvbit                        nvbit        000000
__Hnvrram                       nvrram       000000
__Hparam                        rparam       000000
__Hpowerup                      powerup      000026
__Hram                          ram          000000
__Hramtop                       ramtop       000800
__Hrbit                         rbit         000000
__Hrbss                         rbss         000000
__Hrdata                        rdata        000000
__Hreset_vec                    reset_vec    000004
__Hrparam                       rparam       000000
__Hsfr                          sfr          000000
__Hsmallconst                   smallconst   000000
__Hspace_0                      (abs)        000800
__Hspace_1                      (abs)        000067
__Hspace_2                      (abs)        000000
__Hspace_4                      (abs)        60000E
__Hstack                        stack        000000
__Hstruct                       struct       000000
__Htemp                         temp         000044
__Htext                         text         000000
__Htext0                        text0        000000
__Htext1                        text1        000000
__Htext10                       text10       000000
__Htext13                       text13       000000
__Htext14                       text14       000000
__Htext15                       text15       000000
__Htext2                        text2        000000
__Htext3                        text3        000000
__Htext4                        text4        000000
__Htext5                        text5        000000
__Htext6                        text6        000000
__Htext7                        text7        000000
__Htext8                        text8        000000
__Htext9                        text9        000000
__LRAM                          (abs)        000001
__Labs1                         abs1         000000
__Lbank0                        bank0        000000
__Lbank1                        bank1        000000
__Lbank2                        bank2        000000
__Lbank3                        bank3        000000
__Lbank4                        bank4        000000
__Lbank5                        bank5        000000
__Lbank6                        bank6        000000
__Lbank7                        bank7        000000
__Lbigbss                       bigbss       000000
__Lbigdata                      bigdata      000000
__Lbigram                       bigram       000000
__Lbigsfr                       bigsfr       000000
__Lbss                          bss          000000
__LbssCOMRAM                    bssCOMRAM    000000
__Lcinit                        cinit        000000
__Lclrtext                      clrtext      000000
__Lcomram                       comram       000000
__Lconfig                       config       000000
__Lconst                        const        000000
__LcstackBANK0                  cstackBANK0  000000
__LcstackCOMRAM                 cstackCOMRAM 000000
__Ldata                         data         000000
__Leeprom_data                  eeprom_data  000000
__Lfarbss                       farbss       000000
__Lfardata                      fardata      000000
__Lheap                         heap         000000
__Libigdata                     ibigdata     000000
__Lidata                        idata        000000
__Lidloc                        idloc        000000
__Lifardata                     ifardata     000000
__Linit                         init         000026
__Lintcode                      intcode      000008
__Lintcode_body                 intcode_body 000000
__Lintcodelo                    intcodelo    000018
__Lintentry                     intentry     000000
__Lintret                       intret       000000
__Lintsave_regs                 intsave_regs 000000
__Lirdata                       irdata       000000
__Lmediumconst                  mediumconst  000000
__LnvFARRAM                     nvFARRAM     000000
__Lnvbit                        nvbit        000000
__Lnvrram                       nvrram       000000
__Lparam                        rparam       000000
__Lpowerup                      powerup      000026
__Lram                          ram          000000
__Lramtop                       ramtop       000800
__Lrbit                         rbit         000000
__Lrbss                         rbss         000000
__Lrdata                        rdata        000000
__Lreset_vec                    reset_vec    000000
__Lrparam                       rparam       000000
__Lsfr                          sfr          000000
__Lsmallconst                   smallconst   000000
__Lspace_0                      (abs)        000000
__Lspace_1                      (abs)        000000
__Lspace_2                      (abs)        000000
__Lspace_4                      (abs)        000000
__Lstack                        stack        000000
__Lstruct                       struct       000000
__Ltemp                         temp         000043
__Ltext                         text         000000
__Ltext0                        text0        000000
__Ltext1                        text1        000000
__Ltext10                       text10       000000
__Ltext13                       text13       000000
__Ltext14                       text14       000000
__Ltext15                       text15       000000
__Ltext2                        text2        000000
__Ltext3                        text3        000000
__Ltext4                        text4        000000
__Ltext5                        text5        000000
__Ltext6                        text6        000000
__Ltext7                        text7        000000
__Ltext8                        text8        000000
__Ltext9                        text9        000000
__S0                            (abs)        00057A
__S1                            (abs)        000067
__S4                            (abs)        000000
__S5                            (abs)        000000
___heap_hi                      (abs)        000000
___heap_lo                      (abs)        000000
___inthi_sp                     stack        000000
___intlo_sp                     stack        000000
___param_bank                   (abs)        000000
___rparam_used                  (abs)        000001
___sp                           stack        000000
__accesstop                     (abs)        000060
__activetblptr                  (abs)        000000
__end_of_LCDConsoleInit         text3        0003C8
__end_of_LCD_clearDisplay       text8        000528
__end_of__initialization        cinit        00054E
__end_of_chip_select            text7        00050E
__end_of_config                 text2        0004A6
__end_of_consoleWriteCommand    text6        0004F2
__end_of_dataToSerial           text10       000114
__end_of_high_isr               intcode_body 0002C4
__end_of_initPorts              text5        0004CE
__end_of_loop                   text1        000360
__end_of_low_isr                intcodelo    000026
__end_of_main                   text0        00057A
__end_of_reset_lcd              text4        00056A
__end_of_writeCommand           text9        000422
__end_ofi2_LCD_clearDisplay     text13       000542
__end_ofi2_dataToSerial         text15       0001FE
__end_ofi2_writeCommand         text14       00047C
__initialization                cinit        000542
__mediumconst                   mediumconst  000000
__pbssCOMRAM                    bssCOMRAM    000031
__pcinit                        cinit        000542
__pcstackBANK0                  cstackBANK0  000060
__pcstackCOMRAM                 cstackCOMRAM 000001
__pintcode                      intcode      000008
__pintcode_body                 intcode_body 0001FE
__pintcodelo                    intcodelo    000018
__ptext0                        text0        00056A
__ptext1                        text1        0002C4
__ptext10                       text10       00002A
__ptext13                       text13       000528
__ptext14                       text14       000422
__ptext15                       text15       000114
__ptext2                        text2        00047C
__ptext3                        text3        000360
__ptext4                        text4        000558
__ptext5                        text5        0004A6
__ptext6                        text6        0004CE
__ptext7                        text7        0004F2
__ptext8                        text8        00050E
__ptext9                        text9        0003C8
__ramtop                        ramtop       000800
__smallconst                    smallconst   000000
_chip_select                    text7        0004F2
_config                         text2        00047C
_consoleWriteCommand            text6        0004CE
_dataToSerial                   text10       00002A
_high_isr                       intcode      000008
_initPorts                      text5        0004A6
_lcdBuffer                      bssCOMRAM    000031
_loop                           text1        0002C4
_low_isr                        intcodelo    000018
_main                           text0        00056A
_pointer                        bssCOMRAM    000041
_reset_lcd                      text4        000558
_writeCommand                   text9        0003C8
btemp                           temp         000043
chip_select@value               cstackCOMRAM 00001D
consoleWriteCommand@control     cstackBANK0  000061
consoleWriteCommand@instruction cstackCOMRAM 000030
dataToSerial@counter            cstackCOMRAM 000025
dataToSerial@numberH            cstackCOMRAM 00001D
dataToSerial@numberL            cstackCOMRAM 00001F
dataToSerial@temp               cstackCOMRAM 000021
dataToSerial@temp_330           cstackCOMRAM 000023
end_of_initialization           cinit        00054E
high_isr@bit3                   cstackCOMRAM 000017
high_isr@bit4                   cstackCOMRAM 000018
high_isr@bit5                   cstackCOMRAM 000019
high_isr@data                   cstackCOMRAM 00001A
high_isr@i                      cstackCOMRAM 00001B
i2_LCD_clearDisplay             text13       000528
i2_dataToSerial                 text15       000114
i2_writeCommand                 text14       000422
i2dataToSerial@counter          cstackCOMRAM 000009
i2dataToSerial@numberH          cstackCOMRAM 000001
i2dataToSerial@numberL          cstackCOMRAM 000003
i2dataToSerial@temp             cstackCOMRAM 000005
i2dataToSerial@temp_330         cstackCOMRAM 000007
i2writeCommand@_control         cstackCOMRAM 000013
i2writeCommand@data             cstackCOMRAM 000011
i2writeCommand@instruction      cstackCOMRAM 00000B
initPorts@serialMode            cstackCOMRAM 00001D
int$flags                       temp         000043
int_func                        intcode_body 0001FE
intlevel0                       text         000000
intlevel1                       text         000000
intlevel2                       text         000000
intlevel3                       text         000000
isa$std                         (abs)        000001
isa$xinst                       (abs)        000000
loop@data                       cstackBANK0  000062
loop@i                          cstackBANK0  000063
loop@i_213                      cstackBANK0  000065
stackhi                         (abs)        000000
stacklo                         (abs)        000000
start                           init         000026
start_initialization            cinit        000542
ttemp5                          temp         000044
ttemp6                          temp         000047
ttemp7                          temp         00004B
writeCommand@_control           cstackCOMRAM 00002D
writeCommand@data               cstackCOMRAM 00002E
writeCommand@instruction        cstackCOMRAM 000027
wtemp8                          temp         000044


MODULE INFORMATION

Module		Function		Class		Link	Load	Size
interrupts.c
		_high_isr      		CODE           	0008	0000	204
		_low_isr       		CODE           	0018	0000	14

interrupts.c estimated size: 218

shared
		i2_LCD_clearDisplay		CODE           	0528	0000	26
		i2_writeCommand		CODE           	0422	0000	90
		__initialization		CODE           	0542	0000	12
		i2_dataToSerial		CODE           	0114	0000	234

shared estimated size: 362

lcd.c
		_reset_lcd     		CODE           	0558	0000	18
		_writeCommand  		CODE           	03C8	0000	90
		_LCD_clearDisplay		CODE           	050E	0000	26
		_LCDConsoleInit		CODE           	0360	0000	104
		_dataToSerial  		CODE           	002A	0000	234
		_initPorts     		CODE           	04A6	0000	40
		_consoleWriteCommand		CODE           	04CE	0000	36
		_chip_select   		CODE           	04F2	0000	28

lcd.c estimated size: 576

main.c
		_loop          		CODE           	02C4	0000	156
		_main          		CODE           	056A	0000	16
		_config        		CODE           	047C	0000	42

main.c estimated size: 214

